#-----------------------------------------------------------
# Vivado v2020.1 (64-bit)
# SW Build 2902540 on Wed May 27 19:54:49 MDT 2020
# IP Build 2902112 on Wed May 27 22:43:36 MDT 2020
# Start of session at: Sat Oct 10 22:39:18 2020
# Process ID: 30432
# Current directory: C:/Users/ammic/OneDrive/Documents/GitHub/Lab07/Lab07_project
# Command line: vivado.exe -gui_launcher_event rodinguilauncherevent15376 C:\Users\ammic\OneDrive\Documents\GitHub\Lab07\Lab07_project\Lab07_project.xpr
# Log file: C:/Users/ammic/OneDrive/Documents/GitHub/Lab07/Lab07_project/vivado.log
# Journal file: C:/Users/ammic/OneDrive/Documents/GitHub/Lab07/Lab07_project\vivado.jou
#-----------------------------------------------------------
start_gui
open_project C:/Users/ammic/OneDrive/Documents/GitHub/Lab07/Lab07_project/Lab07_project.xpr
update_compile_order -fileset sources_1
create_fileset -simset sim_3
set_property SOURCE_SET sources_1 [get_filesets sim_3]
close [ open C:/Users/ammic/OneDrive/Documents/GitHub/Lab06/Lab06_project/codedirectory/eleven_bit_BCD_test.sv w ]
add_files -fileset sim_3 C:/Users/ammic/OneDrive/Documents/GitHub/Lab06/Lab06_project/codedirectory/eleven_bit_BCD_test.sv
update_compile_order -fileset sim_3
current_fileset -simset [ get_filesets sim_3 ]
launch_simulation -simset [get_filesets sim_3 ]
source eleven_bit_BCD.tcl
close_sim
launch_simulation -simset [get_filesets sim_3 ]
source six_bit_BCD.tcl
# Disabling source management mode.  This is to allow the top design properties to be set without GUI intervention.
set_property source_mgmt_mode None [current_project]
set_property top eleven_bit_BCD_test [get_filesets sim_3]
set_property top_lib xil_defaultlib [get_filesets sim_3]
# Re-enabling previously disabled source management mode.
set_property source_mgmt_mode All [current_project]
update_compile_order -fileset sim_3
launch_simulation -simset [get_filesets sim_3 ]
close_sim
launch_runs synth_1 -jobs 4
wait_on_run synth_1
reset_run synth_1
launch_simulation -simset [get_filesets sim_3 ]
source eleven_bit_BCD_test.tcl
close_sim
current_fileset -simset [ get_filesets sim_2 ]
launch_simulation -simset [get_filesets sim_2 ]
source six_bit_BCD_test.tcl
close_sim
close [ open C:/Users/ammic/OneDrive/Documents/GitHub/Lab06/Lab06_project/codedirectory/sseg1_BCD.sv w ]
add_files C:/Users/ammic/OneDrive/Documents/GitHub/Lab06/Lab06_project/codedirectory/sseg1_BCD.sv
update_compile_order -fileset sources_1
close [ open C:/Users/ammic/OneDrive/Documents/GitHub/Lab06/Lab06_project/codedirectory/sseg1_BCD_wrapper.sv w ]
add_files C:/Users/ammic/OneDrive/Documents/GitHub/Lab06/Lab06_project/codedirectory/sseg1_BCD_wrapper.sv
update_compile_order -fileset sources_1
add_files -norecurse {C:/Users/ammic/OneDrive/Documents/GitHub/Lab06/Lab06_project/codedirectory/sseg_decoder.sv C:/Users/ammic/OneDrive/Documents/GitHub/Lab06/Lab06_project/codedirectory/mux2_4b.sv}
update_compile_order -fileset sources_1
# Disabling source management mode.  This is to allow the top design properties to be set without GUI intervention.
set_property source_mgmt_mode None [current_project]
set_property top sseg1_BCD_wrapper [current_fileset]
# Re-enabling previously disabled source management mode.
set_property source_mgmt_mode All [current_project]
update_compile_order -fileset sources_1
add_files -fileset constrs_1 -norecurse C:/Users/ammic/OneDrive/Documents/GitHub/Lab07/Lab07_project/codedirectory/Basys3_07.xdc
update_compile_order -fileset sources_1
